<?xml version="1.0" encoding="UTF-8"?>
<testsuites name="Mocha Tests" time="0.023" tests="12" failures="0">
  <testsuite name="Root Suite" timestamp="2024-12-09T10:39:56" tests="0" time="0.000" failures="0">
  </testsuite>
  <testsuite name="User class" timestamp="2024-12-09T10:39:56" tests="7" file="C:\Users\Anatoli\WebstormProjects\js-ts-tasks\test\user.test.js" time="0.012" failures="0">
    <testcase name="User class should create User instance" time="0.000" classname="should create User instance">
    </testcase>
    <testcase name="User class should not create User instance with any empty data" time="0.001" classname="should not create User instance with any empty data">
    </testcase>
    <testcase name="User class should not allow to create User instance with wrong data types" time="0.001" classname="should not allow to create User instance with wrong data types">
    </testcase>
    <testcase name="User class should use setter for setting firstName" time="0.001" classname="should use setter for setting firstName">
    </testcase>
    <testcase name="User class should have getter for name (firstName + lastName with a space between)" time="0.000" classname="should have getter for name (firstName + lastName with a space between)">
    </testcase>
    <testcase name="User class should introduce User" time="0.000" classname="should introduce User">
    </testcase>
    <testcase name="User class should celebrate birthday" time="0.000" classname="should celebrate birthday">
    </testcase>
  </testsuite>
  <testsuite name="User usage" timestamp="2024-12-09T10:39:56" tests="5" file="C:\Users\Anatoli\WebstormProjects\js-ts-tasks\test\user.test.js" time="0.009" failures="0">
    <testcase name="User usage should create User" time="0.000" classname="should create User">
    </testcase>
    <testcase name="User usage should create Users" time="0.001" classname="should create Users">
    </testcase>
    <testcase name="User usage should users where age equals to the particular age" time="0.002" classname="should users where age equals to the particular age">
    </testcase>
    <testcase name="User usage should create sort users function with age comparator from TestUtils" time="0.002" classname="should create sort users function with age comparator from TestUtils">
    </testcase>
    <testcase name="User usage should celebrate birthday for every even user" time="0.001" classname="should celebrate birthday for every even user">
    </testcase>
  </testsuite>
</testsuites>